<?xml version="1.0" encoding="utf-8" ?>
<result>
	<row>
		<label>piwik.org</label>
		<nb_visits>1</nb_visits>
		<nb_hits>1</nb_hits>
		<sum_time_spent>72</sum_time_spent>
		<avg_bandwidth>0</avg_bandwidth>
		<subtable>
			<row>
				<label>/path/again/latest.zip</label>
				<nb_visits>1</nb_visits>
				<nb_uniq_visitors>1</nb_uniq_visitors>
				<nb_hits>1</nb_hits>
				<sum_time_spent>72</sum_time_spent>
				<url>http://piwik.org/path/again/latest.zip</url>
				<segment>downloadUrl==http%3A%2F%2Fpiwik.org%2Fpath%2Fagain%2Flatest.zip</segment>
			</row>
		</subtable>
	</row>
</result>