<?xml version="1.0" encoding="utf-8" ?>
<results>
	<result idSite="1">
		<result date="2010-01">
			<row>
				<label> Im just a page</label>
				<nb_visits>1</nb_visits>
				<nb_hits>1</nb_hits>
				<sum_time_spent>36</sum_time_spent>
				<nb_hits_following_search>1</nb_hits_following_search>
				<sum_bandwidth>0</sum_bandwidth>
				<nb_hits_with_bandwidth>0</nb_hits_with_bandwidth>
				<min_bandwidth />
				<max_bandwidth />
				<sum_daily_nb_uniq_visitors>1</sum_daily_nb_uniq_visitors>
				<avg_bandwidth>0</avg_bandwidth>
				<avg_time_on_page>36</avg_time_on_page>
				<bounce_rate>0%</bounce_rate>
				<exit_rate>0%</exit_rate>
				<segment>pageTitle==Im+just+a+page</segment>
			</row>
			<row>
				<label> Pageview, not search</label>
				<nb_visits>1</nb_visits>
				<nb_hits>1</nb_hits>
				<sum_time_spent>0</sum_time_spent>
				<sum_bandwidth>0</sum_bandwidth>
				<nb_hits_with_bandwidth>0</nb_hits_with_bandwidth>
				<min_bandwidth />
				<max_bandwidth />
				<exit_nb_visits>1</exit_nb_visits>
				<sum_daily_nb_uniq_visitors>1</sum_daily_nb_uniq_visitors>
				<sum_daily_exit_nb_uniq_visitors>1</sum_daily_exit_nb_uniq_visitors>
				<avg_bandwidth>0</avg_bandwidth>
				<avg_time_on_page>0</avg_time_on_page>
				<bounce_rate>0%</bounce_rate>
				<exit_rate>100%</exit_rate>
				<segment>pageTitle==Pageview%2C+not+search</segment>
			</row>
			<row>
				<label> This is a pageview, not a Search - IS_FOLLOWING_SEARCH ONCE</label>
				<nb_visits>1</nb_visits>
				<nb_hits>2</nb_hits>
				<sum_time_spent>216</sum_time_spent>
				<nb_hits_following_search>1</nb_hits_following_search>
				<sum_bandwidth>0</sum_bandwidth>
				<nb_hits_with_bandwidth>0</nb_hits_with_bandwidth>
				<min_bandwidth />
				<max_bandwidth />
				<sum_daily_nb_uniq_visitors>1</sum_daily_nb_uniq_visitors>
				<avg_bandwidth>0</avg_bandwidth>
				<avg_time_on_page>108</avg_time_on_page>
				<bounce_rate>0%</bounce_rate>
				<exit_rate>0%</exit_rate>
				<segment>pageTitle==This+is+a+pageview%2C+not+a+Search+-+IS_FOLLOWING_SEARCH+ONCE</segment>
			</row>
		</result>
		<result date="2010-02" />
		<result date="2010-03" />
		<result date="2010-04" />
		<result date="2010-05" />
		<result date="2010-06" />
		<result date="2010-07" />
	</result>
	<result idSite="2">
		<result date="2010-01">
			<row>
				<label> IsPageView</label>
				<nb_visits>1</nb_visits>
				<nb_hits>1</nb_hits>
				<sum_time_spent>540</sum_time_spent>
				<sum_bandwidth>0</sum_bandwidth>
				<nb_hits_with_bandwidth>0</nb_hits_with_bandwidth>
				<min_bandwidth />
				<max_bandwidth />
				<entry_nb_visits>1</entry_nb_visits>
				<entry_nb_actions>5</entry_nb_actions>
				<entry_sum_visit_length>1081</entry_sum_visit_length>
				<entry_bounce_count>0</entry_bounce_count>
				<sum_daily_nb_uniq_visitors>1</sum_daily_nb_uniq_visitors>
				<sum_daily_entry_nb_uniq_visitors>1</sum_daily_entry_nb_uniq_visitors>
				<avg_bandwidth>0</avg_bandwidth>
				<avg_time_on_page>540</avg_time_on_page>
				<bounce_rate>0%</bounce_rate>
				<exit_rate>0%</exit_rate>
				<segment>pageTitle==IsPageView</segment>
			</row>
			<row>
				<label> This is a pageview, not a Search</label>
				<nb_visits>1</nb_visits>
				<nb_hits>1</nb_hits>
				<sum_time_spent>180</sum_time_spent>
				<sum_bandwidth>0</sum_bandwidth>
				<nb_hits_with_bandwidth>0</nb_hits_with_bandwidth>
				<min_bandwidth />
				<max_bandwidth />
				<sum_daily_nb_uniq_visitors>1</sum_daily_nb_uniq_visitors>
				<avg_bandwidth>0</avg_bandwidth>
				<avg_time_on_page>180</avg_time_on_page>
				<bounce_rate>0%</bounce_rate>
				<exit_rate>0%</exit_rate>
				<segment>pageTitle==This+is+a+pageview%2C+not+a+Search</segment>
			</row>
		</result>
		<result date="2010-02" />
		<result date="2010-03" />
		<result date="2010-04" />
		<result date="2010-05" />
		<result date="2010-06" />
		<result date="2010-07" />
	</result>
	<result idSite="3">
		<result date="2010-01">
			<row>
				<label> IsPageView</label>
				<nb_visits>1</nb_visits>
				<nb_hits>1</nb_hits>
				<sum_time_spent>540</sum_time_spent>
				<sum_bandwidth>0</sum_bandwidth>
				<nb_hits_with_bandwidth>0</nb_hits_with_bandwidth>
				<min_bandwidth />
				<max_bandwidth />
				<entry_nb_visits>1</entry_nb_visits>
				<entry_nb_actions>3</entry_nb_actions>
				<entry_sum_visit_length>541</entry_sum_visit_length>
				<entry_bounce_count>0</entry_bounce_count>
				<sum_daily_nb_uniq_visitors>1</sum_daily_nb_uniq_visitors>
				<sum_daily_entry_nb_uniq_visitors>1</sum_daily_entry_nb_uniq_visitors>
				<avg_bandwidth>0</avg_bandwidth>
				<avg_time_on_page>540</avg_time_on_page>
				<bounce_rate>0%</bounce_rate>
				<exit_rate>0%</exit_rate>
				<segment>pageTitle==IsPageView</segment>
			</row>
			<row>
				<label> Pageview: , Íslenska, Italiano, 日本語, ქართული, 한국어, Lietuvių, Latviešu, Norsk (bokmål), Nederlands, Norsk (nynorsk), Polski, Português brasileiro, Português, Română, Русский, Slovensky, Slovenščina, Shqip, Srpski, Svenska, తెలుగు, ภาษาไทย, Türkçe, Українська, 简体中文, 繁體中文.</label>
				<nb_visits>1</nb_visits>
				<nb_hits>1</nb_hits>
				<sum_time_spent>0</sum_time_spent>
				<sum_bandwidth>0</sum_bandwidth>
				<nb_hits_with_bandwidth>0</nb_hits_with_bandwidth>
				<min_bandwidth />
				<max_bandwidth />
				<exit_nb_visits>1</exit_nb_visits>
				<sum_daily_nb_uniq_visitors>1</sum_daily_nb_uniq_visitors>
				<sum_daily_exit_nb_uniq_visitors>1</sum_daily_exit_nb_uniq_visitors>
				<avg_bandwidth>0</avg_bandwidth>
				<avg_time_on_page>0</avg_time_on_page>
				<bounce_rate>0%</bounce_rate>
				<exit_rate>100%</exit_rate>
				<segment>pageTitle==Pageview%3A+%2C+%C3%8Dslenska%2C+Italiano%2C+%E6%97%A5%E6%9C%AC%E8%AA%9E%2C+%E1%83%A5%E1%83%90%E1%83%A0%E1%83%97%E1%83%A3%E1%83%9A%E1%83%98%2C+%ED%95%9C%EA%B5%AD%EC%96%B4%2C+Lietuvi%C5%B3%2C+Latvie%C5%A1u%2C+Norsk+%28bokm%C3%A5l%29%2C+Nederlands%2C+Norsk+%28nynorsk%29%2C+Polski%2C+Portugu%C3%AAs+brasileiro%2C+Portugu%C3%AAs%2C+Rom%C3%A2n%C4%83%2C+%D0%A0%D1%83%D1%81%D1%81%D0%BA%D0%B8%D0%B9%2C+Slovensky%2C+Sloven%C5%A1%C4%8Dina%2C+Shqip%2C+Srpski%2C+Svenska%2C+%E0%B0%A4%E0%B1%86%E0%B0%B2%E0%B1%81%E0%B0%97%E0%B1%81%2C+%E0%B8%A0%E0%B8%B2%E0%B8%A9%E0%B8%B2%E0%B9%84%E0%B8%97%E0%B8%A2%2C+T%C3%BCrk%C3%A7e%2C+%D0%A3%D0%BA%D1%80%D0%B0%D1%97%D0%BD%D1%81%D1%8C%D0%BA%D0%B0%2C+%E7%AE%80%E4%BD%93%E4%B8%AD%E6%96%87%2C+%E7%B9%81%E9%AB%94%E4%B8%AD%E6%96%87.</segment>
			</row>
			<row>
				<label> This is a pageview, not a Search</label>
				<nb_visits>1</nb_visits>
				<nb_hits>1</nb_hits>
				<sum_time_spent>0</sum_time_spent>
				<sum_bandwidth>0</sum_bandwidth>
				<nb_hits_with_bandwidth>0</nb_hits_with_bandwidth>
				<min_bandwidth />
				<max_bandwidth />
				<sum_daily_nb_uniq_visitors>1</sum_daily_nb_uniq_visitors>
				<avg_bandwidth>0</avg_bandwidth>
				<avg_time_on_page>0</avg_time_on_page>
				<bounce_rate>0%</bounce_rate>
				<exit_rate>0%</exit_rate>
				<segment>pageTitle==This+is+a+pageview%2C+not+a+Search</segment>
			</row>
		</result>
		<result date="2010-02" />
		<result date="2010-03" />
		<result date="2010-04" />
		<result date="2010-05" />
		<result date="2010-06" />
		<result date="2010-07" />
	</result>
</results>