<?xml version="1.0" encoding="utf-8" ?>
<result>
	<row>
		<label> 301/URL = http://example.hello.com/Topic/hw43061</label>
		<nb_visits>2</nb_visits>
		<nb_hits>2</nb_hits>
		<sum_time_spent>0</sum_time_spent>
		<nb_hits_with_time_generation>0</nb_hits_with_time_generation>
		<min_time_generation />
		<max_time_generation />
		<sum_bandwidth>0</sum_bandwidth>
		<nb_hits_with_bandwidth>0</nb_hits_with_bandwidth>
		<min_bandwidth />
		<max_bandwidth />
		<entry_nb_visits>1</entry_nb_visits>
		<entry_nb_actions>1</entry_nb_actions>
		<entry_sum_visit_length>0</entry_sum_visit_length>
		<entry_bounce_count>1</entry_bounce_count>
		<exit_nb_visits>2</exit_nb_visits>
		<sum_daily_nb_uniq_visitors>2</sum_daily_nb_uniq_visitors>
		<sum_daily_entry_nb_uniq_visitors>1</sum_daily_entry_nb_uniq_visitors>
		<sum_daily_exit_nb_uniq_visitors>2</sum_daily_exit_nb_uniq_visitors>
		<avg_bandwidth>0</avg_bandwidth>
		<avg_time_on_page>0</avg_time_on_page>
		<bounce_rate>100%</bounce_rate>
		<exit_rate>100%</exit_rate>
		<avg_time_generation>0</avg_time_generation>
		<segment>exitPageTitle==301%2FURL+%3D+http%3A%2F%2Fexample.hello.com%2FTopic%2Fhw43061</segment>
	</row>
	<row>
		<label> 404/URL = http://hello.example.com/hello/world/6,681965</label>
		<nb_visits>2</nb_visits>
		<nb_hits>2</nb_hits>
		<sum_time_spent>0</sum_time_spent>
		<nb_hits_with_time_generation>2</nb_hits_with_time_generation>
		<min_time_generation>0.359</min_time_generation>
		<max_time_generation>0.359</max_time_generation>
		<sum_bandwidth>0</sum_bandwidth>
		<nb_hits_with_bandwidth>0</nb_hits_with_bandwidth>
		<min_bandwidth />
		<max_bandwidth />
		<entry_nb_visits>1</entry_nb_visits>
		<entry_nb_actions>1</entry_nb_actions>
		<entry_sum_visit_length>0</entry_sum_visit_length>
		<entry_bounce_count>1</entry_bounce_count>
		<exit_nb_visits>2</exit_nb_visits>
		<sum_daily_nb_uniq_visitors>1</sum_daily_nb_uniq_visitors>
		<sum_daily_entry_nb_uniq_visitors>1</sum_daily_entry_nb_uniq_visitors>
		<sum_daily_exit_nb_uniq_visitors>1</sum_daily_exit_nb_uniq_visitors>
		<avg_bandwidth>0</avg_bandwidth>
		<avg_time_on_page>0</avg_time_on_page>
		<bounce_rate>100%</bounce_rate>
		<exit_rate>100%</exit_rate>
		<avg_time_generation>0.359</avg_time_generation>
		<segment>exitPageTitle==404%2FURL+%3D+http%3A%2F%2Fhello.example.com%2Fhello%2Fworld%2F6%2C681965</segment>
	</row>
	<row>
		<label> 302/URL = http://piwik.net/Citrix/XenApp/Wan/auth/login.jsp</label>
		<nb_visits>1</nb_visits>
		<nb_hits>1</nb_hits>
		<sum_time_spent>240</sum_time_spent>
		<nb_hits_with_time_generation>0</nb_hits_with_time_generation>
		<min_time_generation />
		<max_time_generation />
		<sum_bandwidth>355</sum_bandwidth>
		<nb_hits_with_bandwidth>1</nb_hits_with_bandwidth>
		<min_bandwidth>355</min_bandwidth>
		<max_bandwidth>355</max_bandwidth>
		<entry_nb_visits>1</entry_nb_visits>
		<entry_nb_actions>2</entry_nb_actions>
		<entry_sum_visit_length>242</entry_sum_visit_length>
		<entry_bounce_count>0</entry_bounce_count>
		<exit_nb_visits>1</exit_nb_visits>
		<sum_daily_nb_uniq_visitors>1</sum_daily_nb_uniq_visitors>
		<sum_daily_entry_nb_uniq_visitors>1</sum_daily_entry_nb_uniq_visitors>
		<sum_daily_exit_nb_uniq_visitors>1</sum_daily_exit_nb_uniq_visitors>
		<avg_bandwidth>355</avg_bandwidth>
		<avg_time_on_page>240</avg_time_on_page>
		<bounce_rate>0%</bounce_rate>
		<exit_rate>100%</exit_rate>
		<avg_time_generation>0</avg_time_generation>
		<segment>exitPageTitle==302%2FURL+%3D+http%3A%2F%2Fpiwik.net%2FCitrix%2FXenApp%2FWan%2Fauth%2Flogin.jsp</segment>
	</row>
	<row>
		<label> 307/URL = http://piwik.net/temp-redirect</label>
		<nb_visits>1</nb_visits>
		<nb_hits>1</nb_hits>
		<sum_time_spent>0</sum_time_spent>
		<nb_hits_with_time_generation>0</nb_hits_with_time_generation>
		<min_time_generation />
		<max_time_generation />
		<sum_bandwidth>3574</sum_bandwidth>
		<nb_hits_with_bandwidth>1</nb_hits_with_bandwidth>
		<min_bandwidth>3574</min_bandwidth>
		<max_bandwidth>3574</max_bandwidth>
		<exit_nb_visits>1</exit_nb_visits>
		<sum_daily_nb_uniq_visitors>1</sum_daily_nb_uniq_visitors>
		<sum_daily_exit_nb_uniq_visitors>1</sum_daily_exit_nb_uniq_visitors>
		<avg_bandwidth>3574</avg_bandwidth>
		<avg_time_on_page>0</avg_time_on_page>
		<bounce_rate>0%</bounce_rate>
		<exit_rate>100%</exit_rate>
		<avg_time_generation>0</avg_time_generation>
		<segment>exitPageTitle==307%2FURL+%3D+http%3A%2F%2Fpiwik.net%2Ftemp-redirect</segment>
	</row>
	<row>
		<label> 404/URL = http://piwik.net/this/is/not/the/page/i/am/looking/for/</label>
		<nb_visits>1</nb_visits>
		<nb_hits>1</nb_hits>
		<sum_time_spent>0</sum_time_spent>
		<nb_hits_with_time_generation>0</nb_hits_with_time_generation>
		<min_time_generation />
		<max_time_generation />
		<sum_bandwidth>3574</sum_bandwidth>
		<nb_hits_with_bandwidth>1</nb_hits_with_bandwidth>
		<min_bandwidth>3574</min_bandwidth>
		<max_bandwidth>3574</max_bandwidth>
		<entry_nb_visits>1</entry_nb_visits>
		<entry_nb_actions>1</entry_nb_actions>
		<entry_sum_visit_length>0</entry_sum_visit_length>
		<entry_bounce_count>1</entry_bounce_count>
		<exit_nb_visits>1</exit_nb_visits>
		<sum_daily_nb_uniq_visitors>1</sum_daily_nb_uniq_visitors>
		<sum_daily_entry_nb_uniq_visitors>1</sum_daily_entry_nb_uniq_visitors>
		<sum_daily_exit_nb_uniq_visitors>1</sum_daily_exit_nb_uniq_visitors>
		<avg_bandwidth>3574</avg_bandwidth>
		<avg_time_on_page>0</avg_time_on_page>
		<bounce_rate>100%</bounce_rate>
		<exit_rate>100%</exit_rate>
		<avg_time_generation>0</avg_time_generation>
		<segment>exitPageTitle==404%2FURL+%3D+http%3A%2F%2Fpiwik.net%2Fthis%2Fis%2Fnot%2Fthe%2Fpage%2Fi%2Fam%2Flooking%2Ffor%2F</segment>
	</row>
	<row>
		<label> 500/URL = http://piwik.net/to-an-error</label>
		<nb_visits>1</nb_visits>
		<nb_hits>1</nb_hits>
		<sum_time_spent>0</sum_time_spent>
		<nb_hits_with_time_generation>0</nb_hits_with_time_generation>
		<min_time_generation />
		<max_time_generation />
		<sum_bandwidth>3574</sum_bandwidth>
		<nb_hits_with_bandwidth>1</nb_hits_with_bandwidth>
		<min_bandwidth>3574</min_bandwidth>
		<max_bandwidth>3574</max_bandwidth>
		<entry_nb_visits>1</entry_nb_visits>
		<entry_nb_actions>1</entry_nb_actions>
		<entry_sum_visit_length>0</entry_sum_visit_length>
		<entry_bounce_count>1</entry_bounce_count>
		<exit_nb_visits>1</exit_nb_visits>
		<sum_daily_nb_uniq_visitors>1</sum_daily_nb_uniq_visitors>
		<sum_daily_entry_nb_uniq_visitors>1</sum_daily_entry_nb_uniq_visitors>
		<sum_daily_exit_nb_uniq_visitors>1</sum_daily_exit_nb_uniq_visitors>
		<avg_bandwidth>3574</avg_bandwidth>
		<avg_time_on_page>0</avg_time_on_page>
		<bounce_rate>100%</bounce_rate>
		<exit_rate>100%</exit_rate>
		<avg_time_generation>0</avg_time_generation>
		<segment>exitPageTitle==500%2FURL+%3D+http%3A%2F%2Fpiwik.net%2Fto-an-error</segment>
	</row>
	<row>
		<label> incredible title!</label>
		<nb_visits>1</nb_visits>
		<nb_hits>1</nb_hits>
		<sum_time_spent>0</sum_time_spent>
		<nb_hits_with_time_generation>0</nb_hits_with_time_generation>
		<min_time_generation />
		<max_time_generation />
		<sum_bandwidth>43</sum_bandwidth>
		<nb_hits_with_bandwidth>1</nb_hits_with_bandwidth>
		<min_bandwidth>43</min_bandwidth>
		<max_bandwidth>43</max_bandwidth>
		<entry_nb_visits>1</entry_nb_visits>
		<entry_nb_actions>1</entry_nb_actions>
		<entry_sum_visit_length>0</entry_sum_visit_length>
		<entry_bounce_count>1</entry_bounce_count>
		<exit_nb_visits>1</exit_nb_visits>
		<sum_daily_nb_uniq_visitors>1</sum_daily_nb_uniq_visitors>
		<sum_daily_entry_nb_uniq_visitors>1</sum_daily_entry_nb_uniq_visitors>
		<sum_daily_exit_nb_uniq_visitors>1</sum_daily_exit_nb_uniq_visitors>
		<avg_bandwidth>43</avg_bandwidth>
		<avg_time_on_page>0</avg_time_on_page>
		<bounce_rate>100%</bounce_rate>
		<exit_rate>100%</exit_rate>
		<avg_time_generation>0</avg_time_generation>
		<segment>exitPageTitle==incredible+title%21</segment>
	</row>
	<row>
		<label> Piwik Forums</label>
		<nb_visits>1</nb_visits>
		<nb_hits>1</nb_hits>
		<sum_time_spent>0</sum_time_spent>
		<nb_hits_with_time_generation>0</nb_hits_with_time_generation>
		<min_time_generation />
		<max_time_generation />
		<sum_bandwidth>43</sum_bandwidth>
		<nb_hits_with_bandwidth>1</nb_hits_with_bandwidth>
		<min_bandwidth>43</min_bandwidth>
		<max_bandwidth>43</max_bandwidth>
		<entry_nb_visits>1</entry_nb_visits>
		<entry_nb_actions>1</entry_nb_actions>
		<entry_sum_visit_length>0</entry_sum_visit_length>
		<entry_bounce_count>1</entry_bounce_count>
		<exit_nb_visits>1</exit_nb_visits>
		<sum_daily_nb_uniq_visitors>1</sum_daily_nb_uniq_visitors>
		<sum_daily_entry_nb_uniq_visitors>1</sum_daily_entry_nb_uniq_visitors>
		<sum_daily_exit_nb_uniq_visitors>1</sum_daily_exit_nb_uniq_visitors>
		<avg_bandwidth>43</avg_bandwidth>
		<avg_time_on_page>0</avg_time_on_page>
		<bounce_rate>100%</bounce_rate>
		<exit_rate>100%</exit_rate>
		<avg_time_generation>0</avg_time_generation>
		<segment>exitPageTitle==Piwik+Forums</segment>
	</row>
</result>